// Jest Snapshot v1, https://goo.gl/fbAQLP

exports[`renders correctly 1`] = `
<div
  className="grid container max-width-sm"
>
  <div
    className="result"
  >
    <p>
      0
    </p>
  </div>
  <button
    className="button"
    name="AC"
    onClick={[Function]}
    type="button"
  >
    AC
  </button>
  <button
    className="button"
    name="+/-"
    onClick={[Function]}
    type="button"
  >
    +/-
  </button>
  <button
    className="button"
    name="%"
    onClick={[Function]}
    type="button"
  >
    %
  </button>
  <button
    className="operators"
    name="รท"
    onClick={[Function]}
    type="button"
  >
    รท
  </button>
  <button
    className="button"
    name="7"
    onClick={[Function]}
    type="button"
  >
    7
  </button>
  <button
    className="button"
    name="8"
    onClick={[Function]}
    type="button"
  >
    8
  </button>
  <button
    className="button"
    name="9"
    onClick={[Function]}
    type="button"
  >
    9
  </button>
  <button
    className="operators"
    name="x"
    onClick={[Function]}
    type="button"
  >
    X
  </button>
  <button
    className="button"
    name="4"
    onClick={[Function]}
    type="button"
  >
    4
  </button>
  <button
    className="button"
    name="5"
    onClick={[Function]}
    type="button"
  >
    5
  </button>
  <button
    className="button"
    name="6"
    onClick={[Function]}
    type="button"
  >
    6
  </button>
  <button
    className="operators"
    name="-"
    onClick={[Function]}
    type="button"
  >
    -
  </button>
  <button
    className="button"
    name="1"
    onClick={[Function]}
    type="button"
  >
    1
  </button>
  <button
    className="button"
    name="2"
    onClick={[Function]}
    type="button"
  >
    2
  </button>
  <button
    className="button"
    name="3"
    onClick={[Function]}
    type="button"
  >
    3
  </button>
  <button
    className="operators"
    name="+"
    onClick={[Function]}
    type="button"
  >
    +
  </button>
  <button
    className="button"
    id="zero"
    name="0"
    onClick={[Function]}
    type="button"
  >
    0
  </button>
  <button
    className="button"
    name="."
    onClick={[Function]}
    type="button"
  >
    .
  </button>
  <button
    className="operators"
    name="="
    onClick={[Function]}
    type="button"
  >
    =
  </button>
</div>
`;
