// Jest Snapshot v1, https://goo.gl/fbAQLP

exports[`renders correctly 1`] = `
<div
  className="quote-message"
>
  <h3>
    Without mathematics, there’s nothing you can do. Everything around you is mathematics. Everything around you is numbers. — Shakuntala Devi, Indian writer and mental calculator
  </h3>
</div>
`;
