// Jest Snapshot v1, https://goo.gl/fbAQLP

exports[`renders correctly 1`] = `
<div
  className="result"
>
  <p>
    5
  </p>
</div>
`;
